curl \
	--request POST \
	--header "Accept: application/json" \
	--header "Content-Type: application/json" \
	--header "X-Client-Info: postgrest-swift/x.y.z" \
	--data "[{\"email\":\"johndoe@supabase.io\"},{\"email\":\"johndoe2@supabase.io\",\"username\":\"johndoe2\"}]" \
	"https://example.supabase.co/users?columns=email,username"