curl \
	--request POST \
	--header "Accept: application/json" \
	--header "Content-Type: application/json" \
	--header "X-Client-Info: postgrest-swift/x.y.z" \
	"https://example.supabase.co/rpc/test_fcn?id=eq.1"