curl \
	--header "Accept: application/json" \
	--header "Accept-Profile: storage" \
	--header "Content-Type: application/json" \
	--header "X-Client-Info: postgrest-swift/x.y.z" \
	"https://example.supabase.co/objects?select=*"