curl \
	--header "Accept: application/json" \
	--header "Content-Type: application/json" \
	--header "X-Client-Info: postgrest-swift/x.y.z" \
	"https://example.supabase.co/users?messages.or=(public.eq.true,recipient_id.eq.1)&select=*,messages(*)"