curl \
	--request POST \
	--header "Accept: application/json" \
	--header "Content-Type: application/json" \
	--header "Prefer: return=representation" \
	--header "X-Client-Info: postgrest-swift/x.y.z" \
	--data "{\"email\":\"johndoe@supabase.io\"}" \
	"https://example.supabase.co/users?select=id,email"