curl \
	--request POST \
	--header "Accept: application/json" \
	--header "Content-Type: application/json" \
	--header "Prefer: resolution=merge-duplicates,return=representation" \
	--header "X-Client-Info: postgrest-swift/x.y.z" \
	--data "[{\"email\":\"johndoe@supabase.io\"},{\"email\":\"johndoe2@supabase.io\"}]" \
	"https://example.supabase.co/users?columns=email&on_conflict=username&select=*"