curl \
	--request POST \
	--header "Content-Type: application/json" \
	--header "X-Client-Info: gotrue-swift/1.3.0" \
	--header "apikey: dummy.api.key" \
	--data "{\"email\":\"example@mail.com\",\"gotrue_meta_security\":{\"captcha_token\":\"captcha-token\"}}" \
	"http://localhost:54321/auth/v1/recover?redirect_to=https://supabase.com"