curl \
	--request POST \
	--header "Content-Type: application/json" \
	--header "X-Client-Info: gotrue-swift/1.3.0" \
	--header "apikey: dummy.api.key" \
	--data "{\"data\":{\"custom_key\":\"custom_value\"},\"email\":\"example@mail.com\",\"gotrue_meta_security\":{\"captcha_token\":\"dummy-captcha\"},\"password\":\"the.pass\"}" \
	"http://localhost:54321/auth/v1/signup?redirect_to=https://supabase.com"