curl \
	--header "Authorization: Bearer accesstoken" \
	--header "X-Client-Info: gotrue-swift/1.3.0" \
	--header "apikey: dummy.api.key" \
	"http://localhost:54321/auth/v1/user"