curl \
	--request PUT \
	--header "Authorization: Bearer accesstoken" \
	--header "Content-Type: application/json" \
	--header "X-Client-Info: gotrue-swift/1.3.0" \
	--header "apikey: dummy.api.key" \
	--data "{\"data\":{\"custom_key\":\"custom_value\"},\"email\":\"example@mail.com\",\"email_change_token\":\"123456\",\"password\":\"another.pass\",\"phone\":\"+1 202-918-2132\"}" \
	"http://localhost:54321/auth/v1/user"