curl \
	--request POST \
	--header "X-Client-Info: functions-swift/x.y.z" \
	--header "apiKey: supabase.anon.key" \
	--header "x-region: ap-northeast-1" \
	"http://localhost:5432/functions/v1/hello-world"