curl \
	--request POST \
	--header "Content-Type: application/json" \
	--header "X-Client-Info: functions-swift/x.y.z" \
	--header "apiKey: supabase.anon.key" \
	--data "{\"name\":\"Supabase\"}" \
	"http://localhost:5432/functions/v1/hello-world"