curl \
	--request POST \
	--header "Content-Type: application/json" \
	--header "X-Client-Info: gotrue-swift/x.y.z" \
	--header "X-Supabase-Api-Version: 2024-01-01" \
	--header "apiKey: dummy.api.key" \
	--data "{\"create_user\":true,\"data\":{\"custom_key\":\"custom_value\"},\"email\":\"example@mail.com\",\"gotrue_meta_security\":{\"captcha_token\":\"dummy-captcha\"}}" \
	"http://localhost:54321/auth/v1/otp?redirect_to=https://supabase.com"