curl \
	--request POST \
	--header "Apikey: dummy.api.key" \
	--header "Authorization: Bearer accesstoken" \
	--header "Content-Type: application/json" \
	--header "X-Client-Info: gotrue-swift/x.y.z" \
	--data "{\"channel\":\"whatsapp\"}" \
	"http://localhost:54321/auth/v1/factors/123/challenge"