curl \
	--header "Authorization: Bearer accesstoken" \
	--header "X-Client-Info: gotrue-swift/x.y.z" \
	--header "X-Supabase-Api-Version: 2024-01-01" \
	--header "apiKey: dummy.api.key" \
	"http://localhost:54321/auth/v1/user/identities/authorize?extra_key=extra_value&provider=github&redirect_to=https://supabase.com&scopes=user:email&skip_http_redirect=true"