curl \
	--request POST \
	--header "Content-Type: application/json" \
	--header "X-Client-Info: gotrue-swift/x.y.z" \
	--header "X-Supabase-Api-Version: 2024-01-01" \
	--header "apiKey: dummy.api.key" \
	--data "{\"token_hash\":\"abc-def\",\"type\":\"email\"}" \
	"http://localhost:54321/auth/v1/verify"