curl \
	--header "Apikey: dummy.api.key" \
	--header "Authorization: bearer accesstoken" \
	--header "X-Client-Info: gotrue-swift/x.y.z" \
	"http://localhost:54321/auth/v1/user"