curl \
	--request POST \
	--header "Apikey: dummy.api.key" \
	--header "Content-Type: application/json" \
	--header "X-Client-Info: gotrue-swift/x.y.z" \
	--data "{\"gotrue_meta_security\":{\"captcha_token\":\"captcha-token\"},\"provider_id\":\"E621E1F8-C36C-495A-93FC-0C247A3E6E5F\",\"redirect_to\":\"https:\/\/supabase.com\"}" \
	"http://localhost:54321/auth/v1/sso"