curl \
	--header "Authorization: Bearer eyJhbGciOiJIUzI1NiIsInR5cCI6IkpXVCJ9.eyJhdWQiOiJhdXRoZW50aWNhdGVkIiwiZXhwIjo0ODUyMTYzNTkzLCJzdWIiOiJmMzNkM2VjOS1hMmVlLTQ3YzQtODBlMS01YmQ5MTlmM2Q4YjgiLCJlbWFpbCI6ImhpQGJpbmFyeXNjcmFwaW5nLmNvIiwicGhvbmUiOiIiLCJhcHBfbWV0YWRhdGEiOnsicHJvdmlkZXIiOiJlbWFpbCIsInByb3ZpZGVycyI6WyJlbWFpbCJdfSwidXNlcl9tZXRhZGF0YSI6e30sInJvbGUiOiJhdXRoZW50aWNhdGVkIn0.UiEhoahP9GNrBKw_OHBWyqYudtoIlZGkrjs7Qa8hU7I" \
	--header "X-Client-Info: gotrue-swift/x.y.z" \
	--header "apikey: dummy.api.key" \
	"http://localhost:54321/auth/v1/user"