curl \
	--request POST \
	--header "Apikey: dummy.api.key" \
	--header "Content-Type: application/json" \
	--header "X-Client-Info: gotrue-swift/x.y.z" \
	--data "{\"email\":\"example@mail.com\",\"gotrue_meta_security\":{\"captcha_token\":\"captcha-token\"},\"type\":\"email_change\"}" \
	"http://localhost:54321/auth/v1/resend?redirect_to=https://supabase.com"