curl \
	--request DELETE \
	--header "Content-Type: application/json" \
	--header "X-Client-Info: gotrue-swift/x.y.z" \
	--header "X-Supabase-Api-Version: 2024-01-01" \
	--header "apiKey: dummy.api.key" \
	--data "{\"should_soft_delete\":false}" \
	"http://localhost:54321/auth/v1/admin/users/E621E1F8-C36C-495A-93FC-0C247A3E6E5F"