curl \
	--request POST \
	--header "Authorization: Bearer accesstoken" \
	--header "X-Client-Info: gotrue-swift/x.y.z" \
	--header "apikey: dummy.api.key" \
	"http://localhost:54321/auth/v1/logout?scope=local"