curl \
	--request POST \
	--header "Apikey: dummy.api.key" \
	--header "Content-Type: application/json" \
	--header "X-Client-Info: gotrue-swift/x.y.z" \
	--data "{\"data\":{\"custom_key\":\"custom_value\"},\"gotrue_meta_security\":{\"captcha_token\":\"captcha-token\"}}" \
	"http://localhost:54321/auth/v1/signup"