curl \
	--request POST \
	--header "Apikey: dummy.api.key" \
	--header "Content-Type: application/json" \
	--header "X-Client-Info: gotrue-swift/x.y.z" \
	--data "{\"domain\":\"supabase.com\",\"gotrue_meta_security\":{\"captcha_token\":\"captcha-token\"},\"redirect_to\":\"https:\/\/supabase.com\"}" \
	"http://localhost:54321/auth/v1/sso"