curl \
	--request POST \
	--header "Apikey: dummy.api.key" \
	--header "Content-Type: application/json" \
	--header "X-Client-Info: gotrue-swift/x.y.z" \
	--data "{\"password\":\"the.pass\",\"phone\":\"+1 202-918-2132\"}" \
	"http://localhost:54321/auth/v1/token?grant_type=password"